Γ£ô Backed up next.config.mjs
Γ£ô Mobile config applied

>> npx next build
   Γû▓ Next.js 15.5.14

   Creating an optimized production build ...
node : 
At line:1 char:1
+ node scripts/build-mo
bile.mjs > 
build_error.log 2>&1
+ ~~~~~~~~~~~~~~~~~~~~~
~~~~~~~~~~~~~~~~~~~~~~~
~~~~~~~~
    + CategoryInfo     
         : NotSpecifi  
  ed: (:String) [],    
 RemoteException
    + FullyQualifiedEr 
   rorId : NativeComm  
  andError
 
> Build error occurred
[Error: Page 
"/product/[id]/page" 
cannot use both "use 
client" and export 
function "generateStati
cParams()".] {
  type: 'Error'
}

Γ¥î Build failed: 
Command failed: npx 
next build
